
(process:1004938): VIPS-WARNING **: 05:08:59.299: unable to load "/usr/lib/vips-modules-8.18/vips-openslide.so" -- libopenslide.so.1: cannot open shared object file: No such file or directory
=> Booting Puma
=> Rails 8.1.4 application starting in production 
=> Run `bin/rails server --help` for more startup options
[1004938] Puma starting in cluster mode...
[1004938] * Puma version: 8.0.2 ("Into the Arena")
[1004938] * Ruby version: ruby 4.0.6 (2026-07-14 revision 03b6d3f889) +YJIT +PRISM [x86_64-linux]
[1004938] *  Min threads: 3
[1004938] *  Max threads: 3
[1004938] *  Environment: production
[1004938] *   Master PID: 1004938
[1004938] *      Workers: 4
[1004938] *     Restarts: (✔) hot (✖) phased (✖) refork
[1004938] * Preloading application
[1004938] * Listening on http://127.0.0.1:5350
[1004938] Use Ctrl-C to stop
[1004938] - Worker 0 (PID: 1005232) booted in 0.01s, phase: 0
[1004938] - Worker 1 (PID: 1005244) booted in 0.01s, phase: 0
[1004938] - Worker 2 (PID: 1005257) booted in 0.0s, phase: 0
[1004938] - Worker 3 (PID: 1005270) booted in 0.0s, phase: 0
[1004938] === puma shutdown: 2026-09-29 05:09:37 -0500 ===
[1004938] - Goodbye!
[1004938] - Gracefully shutting down workers...
Exiting
